[36mvite v8.0.3 [32mbuilding client environment for production...[36m[39m
[2K
transforming...Γ£ô 2279 modules transformed.
rendering chunks...
computing gzip size...
dist/index.html                   0.41 kB Γöé gzip:   0.28 kB
dist/assets/index-ClV_RkHy.css    2.80 kB Γöé gzip:   1.05 kB
dist/assets/index-eu7ZlEdz.js   541.35 kB Γöé gzip: 162.75 kB

[32mΓ£ô built in 917ms[39m
node.exe : [33m[plugin 
builtin:vite-reporter] 
At line:1 char:1
+ & "C:\Program 
Files\nodejs/node.exe" 
"C:\Program 
Files\nodejs/node_mo ...
+ ~~~~~~~~~~~~~~~~~~~~~~~~
~~~~~~~~~~~~~~~~~~~~~~~~~~
~~~~~~~~~~~~~~~~~~~
    + CategoryInfo        
      : NotSpecified: (  
  [33m[plugin builtin:v   
 ite-reporter] :String    
) [], RemoteException
    + FullyQualifiedError 
   Id : NativeCommandErr  
  or
 
(!) Some chunks are 
larger than 500 kB after 
minification. Consider:
- Using dynamic import() 
to code-split the 
application
- Use build.rolldownOption
s.output.codeSplitting to 
improve chunking: https://
rolldown.rs/reference/Outp
utOptions.codeSplitting
- Adjust chunk size limit 
for this warning via build
.chunkSizeWarningLimit.[3
9m
